------------------------------------------------------------
Timing Analyzer Summary
------------------------------------------------------------

Type  : Slow 1200mV 85C Model Setup 'CLOCK_50'
Slack : -28.724
TNS   : -2057.984

Type  : Slow 1200mV 85C Model Hold 'CLOCK_50'
Slack : 0.384
TNS   : 0.000

Type  : Slow 1200mV 85C Model Recovery 'CLOCK_50'
Slack : -2.493
TNS   : -296.021

Type  : Slow 1200mV 85C Model Removal 'CLOCK_50'
Slack : 2.433
TNS   : 0.000

Type  : Slow 1200mV 85C Model Minimum Pulse Width 'CLOCK_50'
Slack : -3.000
TNS   : -349.950

Type  : Slow 1200mV 0C Model Setup 'CLOCK_50'
Slack : -25.812
TNS   : -1850.382

Type  : Slow 1200mV 0C Model Hold 'CLOCK_50'
Slack : 0.336
TNS   : 0.000

Type  : Slow 1200mV 0C Model Recovery 'CLOCK_50'
Slack : -2.117
TNS   : -248.913

Type  : Slow 1200mV 0C Model Removal 'CLOCK_50'
Slack : 2.158
TNS   : 0.000

Type  : Slow 1200mV 0C Model Minimum Pulse Width 'CLOCK_50'
Slack : -3.000
TNS   : -349.950

Type  : Fast 1200mV 0C Model Setup 'CLOCK_50'
Slack : -13.332
TNS   : -887.117

Type  : Fast 1200mV 0C Model Hold 'CLOCK_50'
Slack : 0.172
TNS   : 0.000

Type  : Fast 1200mV 0C Model Recovery 'CLOCK_50'
Slack : -0.872
TNS   : -99.160

Type  : Fast 1200mV 0C Model Removal 'CLOCK_50'
Slack : 1.320
TNS   : 0.000

Type  : Fast 1200mV 0C Model Minimum Pulse Width 'CLOCK_50'
Slack : -3.000
TNS   : -291.499

------------------------------------------------------------
